Log: Log file open, 10/06/26 21:40:38
Log: REGISTERED WARFAREGAME NAMES
Log: REGISTERED EONGAME NAMES
Log: REGISTERED EONCHARACTERS NAMES
Log: Browse: title_pc.adv?Name=Player?team=1?Mutator=AdventMod.ModMutator
Log: VertexShaderMiss=0
Log: VertexShaderMiss=0
Log: VertexShaderMiss=0
Log: Browse: Final\Done\level03sectionb.adv?Name=Player?team=1?Mutator=AdventMod.ModMutator
Log: REGISTERED VEHICLES NAMES
Log: VertexShaderMiss=1407375957291104
Log: VertexShaderMiss=1970324853747744
Log: VertexShaderMiss=0
Log: VertexShaderMiss=0
Log: VertexShaderMiss=0
Log: VertexShaderMiss=0
Log: VertexShaderMiss=0
Log: VertexShaderMiss=0
Log: VertexShaderMiss=0
Log: VertexShaderMiss=0
Log: VertexShaderMiss=0
Log: Browse: title_pc.adv?Name=Player?team=1?Mutator=AdventMod.ModMutator
Log: VertexShaderMiss=0
Log: VertexShaderMiss=0
Log: VertexShaderMiss=0
Log: Browse: Final\Done\level04sectiona.adv?Name=Player?team=1?Mutator=AdventMod.ModMutator
Log: VertexShaderMiss=1407375957291104
Log: VertexShaderMiss=1970324853747744
Log: VertexShaderMiss=0
Log: VertexShaderMiss=0
Log: VertexShaderMiss=0
Log: VertexShaderMiss=0
Log: VertexShaderMiss=0
Log: VertexShaderMiss=0
Log: VertexShaderMiss=0
Log: VertexShaderMiss=0
Log: VertexShaderMiss=0
Log: VertexShaderMiss=0
Uninitialized: Log file closed, 10/06/26 21:49:07
